Archive member included to satisfy reference by file (symbol)

d:/program files (x86)/gnu tools arm embedded/7 2018-q2-update/bin/../lib/gcc/arm-none-eabi/7.3.1/../../../../arm-none-eabi/lib/thumb/v7-m\libstdc++_nano.a(new_op.o)
                              ./src/ExtiHandler.o (operator new(unsigned int))
d:/program files (x86)/gnu tools arm embedded/7 2018-q2-update/bin/../lib/gcc/arm-none-eabi/7.3.1/../../../../arm-none-eabi/lib/thumb/v7-m\libstdc++_nano.a(del_op.o)
                              ./src/ExtiHandler.o (operator delete(void*))
d:/program files (x86)/gnu tools arm embedded/7 2018-q2-update/bin/../lib/gcc/arm-none-eabi/7.3.1/../../../../arm-none-eabi/lib/thumb/v7-m\libstdc++_nano.a(new_handler.o)
                              d:/program files (x86)/gnu tools arm embedded/7 2018-q2-update/bin/../lib/gcc/arm-none-eabi/7.3.1/../../../../arm-none-eabi/lib/thumb/v7-m\libstdc++_nano.a(new_op.o) (std::get_new_handler())
d:/program files (x86)/gnu tools arm embedded/7 2018-q2-update/bin/../lib/gcc/arm-none-eabi/7.3.1/../../../../arm-none-eabi/lib/thumb/v7-m\libstdc++_nano.a(string-inst.o)
                              ./src/main.o (std::__cxx11::basic_string<char, std::char_traits<char>, std::allocator<char> >::_M_create(unsigned int&, unsigned int))
d:/program files (x86)/gnu tools arm embedded/7 2018-q2-update/bin/../lib/gcc/arm-none-eabi/7.3.1/../../../../arm-none-eabi/lib/thumb/v7-m\libstdc++_nano.a(functexcept.o)
                              ./src/main.o (std::__throw_logic_error(char const*))
d:/program files (x86)/gnu tools arm embedded/7 2018-q2-update/bin/../lib/gcc/arm-none-eabi/7.3.1/../../../../arm-none-eabi/lib/thumb/v7-m\libstdc++_nano.a(snprintf_lite.o)
                              d:/program files (x86)/gnu tools arm embedded/7 2018-q2-update/bin/../lib/gcc/arm-none-eabi/7.3.1/../../../../arm-none-eabi/lib/thumb/v7-m\libstdc++_nano.a(functexcept.o) (__gnu_cxx::__snprintf_lite(char*, unsigned int, char const*, std::__va_list))
d:/program files (x86)/gnu tools arm embedded/7 2018-q2-update/bin/../lib/gcc/arm-none-eabi/7.3.1/../../../../arm-none-eabi/lib/thumb/v7-m\libg_nano.a(lib_a-errno.o)
                              ./system/src/newlib/_sbrk.o (__errno)
d:/program files (x86)/gnu tools arm embedded/7 2018-q2-update/bin/../lib/gcc/arm-none-eabi/7.3.1/../../../../arm-none-eabi/lib/thumb/v7-m\libg_nano.a(lib_a-impure.o)
                              d:/program files (x86)/gnu tools arm embedded/7 2018-q2-update/bin/../lib/gcc/arm-none-eabi/7.3.1/../../../../arm-none-eabi/lib/thumb/v7-m\libg_nano.a(lib_a-errno.o) (_impure_ptr)
d:/program files (x86)/gnu tools arm embedded/7 2018-q2-update/bin/../lib/gcc/arm-none-eabi/7.3.1/../../../../arm-none-eabi/lib/thumb/v7-m\libg_nano.a(lib_a-malloc.o)
                              d:/program files (x86)/gnu tools arm embedded/7 2018-q2-update/bin/../lib/gcc/arm-none-eabi/7.3.1/../../../../arm-none-eabi/lib/thumb/v7-m\libstdc++_nano.a(new_op.o) (malloc)
d:/program files (x86)/gnu tools arm embedded/7 2018-q2-update/bin/../lib/gcc/arm-none-eabi/7.3.1/../../../../arm-none-eabi/lib/thumb/v7-m\libg_nano.a(lib_a-memchr-stub.o)
                              d:/program files (x86)/gnu tools arm embedded/7 2018-q2-update/bin/../lib/gcc/arm-none-eabi/7.3.1/../../../../arm-none-eabi/lib/thumb/v7-m\libstdc++_nano.a(string-inst.o) (memchr)
d:/program files (x86)/gnu tools arm embedded/7 2018-q2-update/bin/../lib/gcc/arm-none-eabi/7.3.1/../../../../arm-none-eabi/lib/thumb/v7-m\libg_nano.a(lib_a-memcmp.o)
                              d:/program files (x86)/gnu tools arm embedded/7 2018-q2-update/bin/../lib/gcc/arm-none-eabi/7.3.1/../../../../arm-none-eabi/lib/thumb/v7-m\libstdc++_nano.a(string-inst.o) (memcmp)
d:/program files (x86)/gnu tools arm embedded/7 2018-q2-update/bin/../lib/gcc/arm-none-eabi/7.3.1/../../../../arm-none-eabi/lib/thumb/v7-m\libg_nano.a(lib_a-memcpy-stub.o)
                              ./src/main.o (memcpy)
d:/program files (x86)/gnu tools arm embedded/7 2018-q2-update/bin/../lib/gcc/arm-none-eabi/7.3.1/../../../../arm-none-eabi/lib/thumb/v7-m\libg_nano.a(lib_a-memmove.o)
                              ./src/main.o (memmove)
d:/program files (x86)/gnu tools arm embedded/7 2018-q2-update/bin/../lib/gcc/arm-none-eabi/7.3.1/../../../../arm-none-eabi/lib/thumb/v7-m\libg_nano.a(lib_a-memset.o)
                              d:/program files (x86)/gnu tools arm embedded/7 2018-q2-update/bin/../lib/gcc/arm-none-eabi/7.3.1/../../../../arm-none-eabi/lib/thumb/v7-m\libstdc++_nano.a(string-inst.o) (memset)
d:/program files (x86)/gnu tools arm embedded/7 2018-q2-update/bin/../lib/gcc/arm-none-eabi/7.3.1/../../../../arm-none-eabi/lib/thumb/v7-m\libg_nano.a(lib_a-nano-freer.o)
                              d:/program files (x86)/gnu tools arm embedded/7 2018-q2-update/bin/../lib/gcc/arm-none-eabi/7.3.1/../../../../arm-none-eabi/lib/thumb/v7-m\libg_nano.a(lib_a-malloc.o) (_free_r)
[...]
Memory Configuration

Name             Origin             Length             Attributes
RAM              0x20000000         0x00005000         xrw
CCMRAM           0x00000000         0x00000000         xrw
FLASH            0x08000000         0x00020000         xr
FLASHB1          0x00000000         0x00000000         xr
EXTMEMB0         0x00000000         0x00000000         xr
EXTMEMB1         0x00000000         0x00000000         xr
EXTMEMB2         0x00000000         0x00000000         xr
EXTMEMB3         0x00000000         0x00000000         xr
MEMORY_ARRAY     0x00000000         0x00000000         xrw
*default*        0x00000000         0xffffffff

Linker script and memory map

LOAD ./system/src/stm32f1-stdperiph/misc.o
LOAD ./system/src/stm32f1-stdperiph/stm32f10x_gpio.o
LOAD ./system/src/stm32f1-stdperiph/stm32f10x_rcc.o
LOAD ./system/src/newlib/_cxx.o
LOAD ./system/src/newlib/_exit.o
LOAD ./system/src/newlib/_sbrk.o
LOAD ./system/src/newlib/_startup.o
LOAD ./system/src/newlib/_syscalls.o
LOAD ./system/src/newlib/assert.o
LOAD ./system/src/diag/Trace.o
LOAD ./system/src/diag/trace_impl.o
LOAD ./system/src/cortexm/_initialize_hardware.o
LOAD ./system/src/cortexm/_reset_hardware.o
LOAD ./system/src/cortexm/exception_handlers.o
LOAD ./system/src/cmsis/system_stm32f10x.o
LOAD ./system/src/cmsis/vectors_stm32f10x.o
LOAD ./src/BlinkLed.o
LOAD ./src/ExtiHandler.o
LOAD ./src/GpioMode.o
LOAD ./src/IliDisplayDriver.o
LOAD ./src/IoDriver.o
LOAD ./src/LedDisplayDriver.o
LOAD ./src/Logger.o
LOAD ./src/Timer.o
LOAD ./src/_write.o
LOAD ./src/main.o
LOAD d:/program files (x86)/gnu tools arm embedded/7 2018-q2-update/bin/../lib/gcc/arm-none-eabi/7.3.1/../../../../arm-none-eabi/lib/thumb/v7-m\libstdc++_nano.a
LOAD d:/program files (x86)/gnu tools arm embedded/7 2018-q2-update/bin/../lib/gcc/arm-none-eabi/7.3.1/../../../../arm-none-eabi/lib/thumb/v7-m\libm.a
START GROUP
LOAD d:/program files (x86)/gnu tools arm embedded/7 2018-q2-update/bin/../lib/gcc/arm-none-eabi/7.3.1/thumb/v7-m\libgcc.a
LOAD d:/program files (x86)/gnu tools arm embedded/7 2018-q2-update/bin/../lib/gcc/arm-none-eabi/7.3.1/../../../../arm-none-eabi/lib/thumb/v7-m\libg_nano.a
LOAD d:/program files (x86)/gnu tools arm embedded/7 2018-q2-update/bin/../lib/gcc/arm-none-eabi/7.3.1/../../../../arm-none-eabi/lib/thumb/v7-m\libc_nano.a
END GROUP
START GROUP
LOAD d:/program files (x86)/gnu tools arm embedded/7 2018-q2-update/bin/../lib/gcc/arm-none-eabi/7.3.1/thumb/v7-m\libgcc.a
LOAD d:/program files (x86)/gnu tools arm embedded/7 2018-q2-update/bin/../lib/gcc/arm-none-eabi/7.3.1/../../../../arm-none-eabi/lib/thumb/v7-m\libc_nano.a
END GROUP
                0x20005000                __stack = (ORIGIN (RAM) + LENGTH (RAM))
                0x20005000                _estack = __stack
                0x00000400                __Main_Stack_Size = 0x400
                [!provide]                PROVIDE (_Main_Stack_Size = __Main_Stack_Size)
                0x20004c00                __Main_Stack_Limit = (__stack - __Main_Stack_Size)
                [!provide]                PROVIDE (_Main_Stack_Limit = __Main_Stack_Limit)
                0x00000100                _Minimum_Stack_Size = 0x100
                0x20000484                PROVIDE (_Heap_Begin = _end_noinit)
                0x20004c00                PROVIDE (_Heap_Limit = (__stack - __Main_Stack_Size))

.isr_vector     0x08000000      0x350
 FILL mask 0xff
                0x08000000                __vectors_start = ABSOLUTE (.)
                0x08000000                __vectors_start__ = ABSOLUTE (.)
 *(.isr_vector)
 .isr_vector    0x08000000      0x10c ./system/src/cmsis/vectors_stm32f10x.o
                0x08000000                __isr_vectors
 *(.cfmconfig)
 *(.after_vectors .after_vectors.*)
 .after_vectors
                0x0800010c      0x114 ./system/src/newlib/_startup.o
                0x0800010c                _start
 .after_vectors
                0x08000220      0x12c ./system/src/cortexm/exception_handlers.o
                0x08000220                Reset_Handler
                0x08000226                NMI_Handler
                0x0800022a                HardFault_Handler
                0x0800023e                HardFault_Handler_C
                0x0800029c                MemManage_Handler
                0x080002a0                BusFault_Handler
                0x080002b4                BusFault_Handler_C
                0x080002e8                UsageFault_Handler
                0x080002fc                UsageFault_Handler_C
                0x08000330                SVC_Handler
                0x08000334                DebugMon_Handler
                0x08000338                PendSV_Handler
 .after_vectors
                0x0800034c        0x4 ./system/src/cmsis/vectors_stm32f10x.o
                0x0800034c                EXTI2_IRQHandler
                0x0800034c                TIM8_TRG_COM_IRQHandler
                0x0800034c                TIM8_CC_IRQHandler
                0x0800034c                TIM1_CC_IRQHandler
                0x0800034c                TIM6_IRQHandler
                0x0800034c                PVD_IRQHandler
                0x0800034c                SDIO_IRQHandler
                0x0800034c                CAN2_RX1_IRQHandler
                0x0800034c                EXTI3_IRQHandler
                0x0800034c                TIM8_TRG_COM_TIM14_IRQHandler
                0x0800034c                TIM1_UP_TIM10_IRQHandler
                0x0800034c                TIM8_UP_TIM13_IRQHandler
                0x0800034c                I2C2_EV_IRQHandler
                0x0800034c                CAN1_RX0_IRQHandler
                0x0800034c                TIM1_UP_TIM16_IRQHandler
                0x0800034c                CAN2_SCE_IRQHandler
                0x0800034c                ADC1_2_IRQHandler
                0x0800034c                SPI1_IRQHandler
                0x0800034c                TAMPER_IRQHandler
                0x0800034c                TIM6_DAC_IRQHandler
                0x0800034c                TIM1_BRK_TIM9_IRQHandler
                0x0800034c                CAN2_RX0_IRQHandler
                0x0800034c                TIM8_UP_IRQHandler
                0x0800034c                DMA2_Channel2_IRQHandler
                0x0800034c                DMA1_Channel4_IRQHandler
                0x0800034c                USART3_IRQHandler
                0x0800034c                RTC_IRQHandler
                0x0800034c                DMA1_Channel7_IRQHandler
                0x0800034c                CAN1_RX1_IRQHandler
                0x0800034c                UART5_IRQHandler
                0x0800034c                ADC3_IRQHandler
                0x0800034c                TIM4_IRQHandler
                0x0800034c                DMA2_Channel1_IRQHandler
                0x0800034c                UART4_IRQHandler
                0x0800034c                DMA2_Channel4_IRQHandler
                0x0800034c                TIM3_IRQHandler
                0x0800034c                RCC_IRQHandler
                0x0800034c                TIM8_BRK_TIM12_IRQHandler
                0x0800034c                TIM1_TRG_COM_IRQHandler
                0x0800034c                DMA1_Channel1_IRQHandler
                0x0800034c                Default_Handler
                0x0800034c                CEC_IRQHandler
                0x0800034c                EXTI15_10_IRQHandler
                0x0800034c                TIM14_IRQHandler
                0x0800034c                TIM13_IRQHandler
                0x0800034c                TIM12_IRQHandler
                0x0800034c                TIM7_IRQHandler
                0x0800034c                CAN2_TX_IRQHandler
                0x0800034c                TIM5_IRQHandler
                0x0800034c                EXTI9_5_IRQHandler
                0x0800034c                ETH_WKUP_IRQHandler
                0x0800034c                SPI2_IRQHandler
                0x0800034c                CAN1_TX_IRQHandler
                0x0800034c                DMA2_Channel5_IRQHandler
                0x0800034c                DMA1_Channel5_IRQHandler
                0x0800034c                EXTI4_IRQHandler
                0x0800034c                USB_LP_CAN1_RX0_IRQHandler
                0x0800034c                TIM1_TRG_COM_TIM17_IRQHandler
                0x0800034c                USB_HP_CAN1_TX_IRQHandler
                0x0800034c                DMA1_Channel3_IRQHandler
                0x0800034c                FSMC_IRQHandler
                0x0800034c                ETH_IRQHandler
                0x0800034c                TIM1_UP_IRQHandler
                0x0800034c                WWDG_IRQHandler
                0x0800034c                TIM2_IRQHandler
                0x0800034c                OTG_FS_WKUP_IRQHandler
                0x0800034c                TIM1_TRG_COM_TIM11_IRQHandler
                0x0800034c                TIM1_BRK_IRQHandler
                0x0800034c                EXTI1_IRQHandler
                0x0800034c                RTCAlarm_IRQHandler
                0x0800034c                DMA2_Channel4_5_IRQHandler
                0x0800034c                USART2_IRQHandler
                0x0800034c                I2C2_ER_IRQHandler
                0x0800034c                DMA1_Channel2_IRQHandler
                0x0800034c                TIM8_BRK_IRQHandler
                0x0800034c                CAN1_SCE_IRQHandler
                0x0800034c                FLASH_IRQHandler
                0x0800034c                USART1_IRQHandler
                0x0800034c                OTG_FS_IRQHandler
                0x0800034c                SPI3_IRQHandler
                0x0800034c                USBWakeUp_IRQHandler
                0x0800034c                DMA2_Channel3_IRQHandler
                0x0800034c                TIM1_BRK_TIM15_IRQHandler

.inits          0x08000350       0x38
                0x08000350                __data_regions_array_start = .
                0x08000350        0x4 LONG 0x8001d54 LOADADDR (.data)
                0x08000354        0x4 LONG 0x20000000 ADDR (.data)
                0x08000358        0x4 LONG 0x20000290 (ADDR (.data) + SIZEOF (.data))
                0x0800035c        0x4 LONG 0x8001d54 LOADADDR (.data_CCMRAM)
                0x08000360        0x4 LONG 0x0 ADDR (.data_CCMRAM)
                0x08000364        0x4 LONG 0x0 (ADDR (.data_CCMRAM) + SIZEOF (.data_CCMRAM))
                0x08000368                __data_regions_array_end = .
                0x08000368                __bss_regions_array_start = .
                0x08000368        0x4 LONG 0x20000290 ADDR (.bss)
                0x0800036c        0x4 LONG 0x20000484 (ADDR (.bss) + SIZEOF (.bss))
                0x08000370        0x4 LONG 0x0 ADDR (.bss_CCMRAM)
                0x08000374        0x4 LONG 0x0 (ADDR (.bss_CCMRAM) + SIZEOF (.bss_CCMRAM))
                0x08000378                __bss_regions_array_end = .
 *(.init)
 *(.fini)
                0x08000378                . = ALIGN (0x4)
                0x08000378                PROVIDE (__preinit_array_start = .)
 *(.preinit_array_sysinit .preinit_array_sysinit.*)
 *(.preinit_array_platform .preinit_array_platform.*)
 *(.preinit_array .preinit_array.*)
                0x08000378                PROVIDE (__preinit_array_end = .)
                0x08000378                . = ALIGN (0x4)
                0x08000378                PROVIDE (__init_array_start = .)
 *(SORT_BY_NAME(.init_array.*))
 *(.init_array)
 .init_array    0x08000378        0x4 ./src/IliDisplayDriver.o
 .init_array    0x0800037c        0x4 ./src/main.o
                0x08000380                PROVIDE (__init_array_end = .)
                0x08000380                . = ALIGN (0x4)
                0x08000380                PROVIDE (__fini_array_start = .)
 *(SORT_BY_NAME(.fini_array.*))
 *(.fini_array)
 .fini_array    0x08000380        0x4 ./src/IliDisplayDriver.o
 .fini_array    0x08000384        0x4 ./src/main.o
                0x08000388                PROVIDE (__fini_array_end = .)

.flashtext
 *(.flashtext .flashtext.*)

.text           0x08000388     0x19cb
 *(.text .text.*)
 .text._exit    0x08000388        0x2 ./system/src/newlib/_exit.o
                0x08000388                _exit
 *fill*         0x0800038a        0x2 
 .text.abort    0x0800038c       0x14 ./system/src/newlib/_exit.o
                0x0800038c                abort
 .text._sbrk    0x080003a0       0x44 ./system/src/newlib/_sbrk.o
                0x080003a0                _sbrk
 .text.__initialize_args
                0x080003e4       0x10 ./system/src/newlib/_syscalls.o
                0x080003e4                __initialize_args
 .text.trace_printf
                0x080003f4       0x30 ./system/src/diag/Trace.o
                0x080003f4                trace_printf
 .text.trace_puts
                0x08000424       0x20 ./system/src/diag/Trace.o
                0x08000424                trace_puts
 .text._trace_write_semihosting_debug
                0x08000444       0x60 ./system/src/diag/trace_impl.o
 .text.trace_write
                0x080004a4        0x8 ./system/src/diag/trace_impl.o
                0x080004a4                trace_write
 .text.__initialize_hardware_early
                0x080004ac       0x18 ./system/src/cortexm/_initialize_hardware.o
                0x080004ac                __initialize_hardware_early
 .text.__initialize_hardware
                0x080004c4        0x8 ./system/src/cortexm/_initialize_hardware.o
                0x080004c4                __initialize_hardware
 .text.dumpExceptionStack
                0x080004cc       0xf4 ./system/src/cortexm/exception_handlers.o
                0x080004cc                dumpExceptionStack
 .text.isSemihosting
                0x080005c0       0x20 ./system/src/cortexm/exception_handlers.o
                0x080005c0                isSemihosting
 .text.SetSysClockTo72
                0x080005e0       0xc4 ./system/src/cmsis/system_stm32f10x.o
 .text.SetSysClock
                0x080006a4        0x8 ./system/src/cmsis/system_stm32f10x.o
 .text.SystemInit
                0x080006ac       0x50 ./system/src/cmsis/system_stm32f10x.o
                0x080006ac                SystemInit
 .text.SystemCoreClockUpdate
                0x080006fc       0x94 ./system/src/cmsis/system_stm32f10x.o
                0x080006fc                SystemCoreClockUpdate
 .text._ZN11ExtiHandler12setupTriggerEP12GPIO_TypeDef
                0x08000790       0x6c ./src/ExtiHandler.o
                0x08000790                ExtiHandler::setupTrigger(GPIO_TypeDef*)
 .text._ZN8GpioMode11isAlternateEv
                0x080007fc       0x16 ./src/GpioMode.o
                0x080007fc                GpioMode::isAlternate()
 *fill*         0x08000812        0x2 
 .text._Z41__static_initialization_and_destruction_0ii
                0x08000814       0x94 ./src/IliDisplayDriver.o
 .text._GLOBAL__sub_I__ZN16IliDisplayDriver13PARALLEL_PINSE
                0x080008a8        0xe ./src/IliDisplayDriver.o
 .text._GLOBAL__sub_D__ZN16IliDisplayDriver13PARALLEL_PINSE
                0x080008b6        0xe ./src/IliDisplayDriver.o
 .text._ZN8IoDriver7initPinEP12GPIO_TypeDefRKSt6vectorIhSaIhEEO8GpioMode
                0x080008c4       0xb8 ./src/IoDriver.o
                0x080008c4                IoDriver::initPin(GPIO_TypeDef*, std::vector<unsigned char, std::allocator<unsigned char> > const&, GpioMode&&)
 .text._ZN16LedDisplayDriver7initI2cEv
                0x0800097c       0x68 ./src/LedDisplayDriver.o
                0x0800097c                LedDisplayDriver::initI2c()
 .text._ZN16LedDisplayDriver7initDmaEv
                0x080009e4       0x60 ./src/LedDisplayDriver.o
                0x080009e4                LedDisplayDriver::initDma()
 .text._ZN16LedDisplayDriver4initEv
                0x08000a44       0x5c ./src/LedDisplayDriver.o
                0x08000a44                LedDisplayDriver::init()
 .text._ZN16LedDisplayDriver8startI2cEv
                0x08000aa0       0x40 ./src/LedDisplayDriver.o
                0x08000aa0                LedDisplayDriver::startI2c()
 .text._ZN16LedDisplayDriver11resetBufferEv
                0x08000ae0       0x1e ./src/LedDisplayDriver.o
                0x08000ae0                LedDisplayDriver::resetBuffer()
 .text._Z10copyStringPhS_h
                0x08000afe       0x1a ./src/LedDisplayDriver.o
                0x08000afe                copyString(unsigned char*, unsigned char*, unsigned char)
 .text._ZN16LedDisplayDriver9writeCharEh
                0x08000b18       0x38 ./src/LedDisplayDriver.o
                0x08000b18                LedDisplayDriver::writeChar(unsigned char)
 .text._ZN16LedDisplayDriver13writeToBufferEPch
                0x08000b50       0x20 ./src/LedDisplayDriver.o
                0x08000b50                LedDisplayDriver::writeToBuffer(char*, unsigned char)
 .text._ZN16LedDisplayDriver13writeToBufferEm
                0x08000b70       0x34 ./src/LedDisplayDriver.o
                0x08000b70                LedDisplayDriver::writeToBuffer(unsigned long)
 .text._ZN16LedDisplayDriver8drawLineEv
                0x08000ba4       0x28 ./src/LedDisplayDriver.o
                0x08000ba4                LedDisplayDriver::drawLine()
 .text._ZN16LedDisplayDriver13buttonPressedEv
                0x08000bcc       0x40 ./src/LedDisplayDriver.o
                0x08000bcc                LedDisplayDriver::buttonPressed()
 .text._ZN16LedDisplayDriver18handleI2cInterruptEv
                0x08000c0c       0x44 ./src/LedDisplayDriver.o
                0x08000c0c                LedDisplayDriver::handleI2cInterrupt()
 .text._ZN16LedDisplayDriver4stopEv
                0x08000c50       0x30 ./src/LedDisplayDriver.o
                0x08000c50                LedDisplayDriver::stop()
 .text._ZN16LedDisplayDriver11dma6HandlerEv
                0x08000c80       0x48 ./src/LedDisplayDriver.o
                0x08000c80                LedDisplayDriver::dma6Handler()
 .text._ZN6Logger5writeEPc
                0x08000cc8       0x12 ./src/Logger.o
                0x08000cc8                Logger::write(char*)
 *fill*         0x08000cda        0x2 
 .text._ZN6Logger5writeEm
                0x08000cdc       0x20 ./src/Logger.o
                0x08000cdc                Logger::write(unsigned long)
 .text._ZN6Logger7writelnEm
                0x08000cfc       0x14 ./src/Logger.o
                0x08000cfc                Logger::writeln(unsigned long)
 .text._ZN5Timer5sleepEm
                0x08000d10       0x14 ./src/Timer.o
                0x08000d10                Timer::sleep(unsigned long)
 .text.SysTick_Handler
                0x08000d24       0x14 ./src/Timer.o
                0x08000d24                SysTick_Handler
 .text._Z41__static_initialization_and_destruction_0ii
                0x08000d38       0x98 ./src/main.o
 .text.EXTI0_IRQHandler
                0x08000dd0       0x28 ./src/main.o
                0x08000dd0                EXTI0_IRQHandler
 .text.I2C1_EV_IRQHandler
                0x08000df8       0x10 ./src/main.o
                0x08000df8                I2C1_EV_IRQHandler
 .text.DMA1_Channel6_IRQHandler
                0x08000e08       0x10 ./src/main.o
                0x08000e08                DMA1_Channel6_IRQHandler
 .text._ZNSt6vectorIhSaIhEE19_M_range_initializeIPKhEEvT_S5_St20forward_iterator_tag
                0x08000e18       0x2a ./src/main.o
                0x08000e18                void std::vector<unsigned char, std::allocator<unsigned char> >::_M_range_initialize<unsigned char const*>(unsigned char const*, unsigned char const*, std::forward_iterator_tag)
 *fill*         0x08000e42        0x2 
 .text.main     0x08000e44       0xdc ./src/main.o
                0x08000e44                main
 .text._ZNSt7__cxx1112basic_stringIcSt11char_traitsIcESaIcEE12_M_constructIPKcEEvT_S8_St20forward_iterator_tag
                0x08000f20       0x5c ./src/main.o
                0x08000f20                void std::__cxx11::basic_string<char, std::char_traits<char>, std::allocator<char> >::_M_construct<char const*>(char const*, char const*, std::forward_iterator_tag)
 .text.I2C1_ER_IRQHandler
                0x08000f7c       0xf0 ./src/main.o
                0x08000f7c                I2C1_ER_IRQHandler
 .text._GLOBAL__sub_I_displayDriver
                0x0800106c        0xe ./src/main.o
 .text._GLOBAL__sub_D_displayDriver
                0x0800107a        0xe ./src/main.o
 .text._Znwj    0x08001088       0x22 d:/program files (x86)/gnu tools arm embedded/7 2018-q2-update/bin/../lib/gcc/arm-none-eabi/7.3.1/../../../../arm-none-eabi/lib/thumb/v7-m\libstdc++_nano.a(new_op.o)
                0x08001088                operator new(unsigned int)
 .text._ZdlPv   0x080010aa        0x4 d:/program files (x86)/gnu tools arm embedded/7 2018-q2-update/bin/../lib/gcc/arm-none-eabi/7.3.1/../../../../arm-none-eabi/lib/thumb/v7-m\libstdc++_nano.a(del_op.o)
                0x080010aa                operator delete(void*)
 *fill*         0x080010ae        0x2 
 .text._ZSt15get_new_handlerv
                0x080010b0       0x10 d:/program files (x86)/gnu tools arm embedded/7 2018-q2-update/bin/../lib/gcc/arm-none-eabi/7.3.1/../../../../arm-none-eabi/lib/thumb/v7-m\libstdc++_nano.a(new_handler.o)
                0x080010b0                std::get_new_handler()
 .text._ZNSt11char_traitsIcE4copyEPcPKcj
                0x080010c0        0x8 d:/program files (x86)/gnu tools arm embedded/7 2018-q2-update/bin/../lib/gcc/arm-none-eabi/7.3.1/../../../../arm-none-eabi/lib/thumb/v7-m\libstdc++_nano.a(string-inst.o)
                0x080010c0                std::char_traits<char>::copy(char*, char const*, unsigned int)
 .text._ZNSt7__cxx1112basic_stringIcSt11char_traitsIcESaIcEE9_M_createERjj
                0x080010c8       0x34 d:/program files (x86)/gnu tools arm embedded/7 2018-q2-update/bin/../lib/gcc/arm-none-eabi/7.3.1/../../../../arm-none-eabi/lib/thumb/v7-m\libstdc++_nano.a(string-inst.o)
                0x080010c8                std::__cxx11::basic_string<char, std::char_traits<char>, std::allocator<char> >::_M_create(unsigned int&, unsigned int)
 .text._ZNSt7__cxx1112basic_stringIcSt11char_traitsIcESaIcEE10_M_disposeEv
                0x080010fc       0x10 d:/program files (x86)/gnu tools arm embedded/7 2018-q2-update/bin/../lib/gcc/arm-none-eabi/7.3.1/../../../../arm-none-eabi/lib/thumb/v7-m\libstdc++_nano.a(string-inst.o)
                0x080010fc                std::__cxx11::basic_string<char, std::char_traits<char>, std::allocator<char> >::_M_dispose()
 .text._ZNSt7__cxx1112basic_stringIcSt11char_traitsIcESaIcEE7_S_copyEPcPKcj
                0x0800110c       0x12 d:/program files (x86)/gnu tools arm embedded/7 2018-q2-update/bin/../lib/gcc/arm-none-eabi/7.3.1/../../../../arm-none-eabi/lib/thumb/v7-m\libstdc++_nano.a(string-inst.o)
                0x0800110c                std::__cxx11::basic_string<char, std::char_traits<char>, std::allocator<char> >::_S_copy(char*, char const*, unsigned int)
 .text._ZNSt7__cxx1112basic_stringIcSt11char_traitsIcESaIcEE9_M_mutateEjjPKcj
                0x0800111e       0x7e d:/program files (x86)/gnu tools arm embedded/7 2018-q2-update/bin/../lib/gcc/arm-none-eabi/7.3.1/../../../../arm-none-eabi/lib/thumb/v7-m\libstdc++_nano.a(string-inst.o)
                0x0800111e                std::__cxx11::basic_string<char, std::char_traits<char>, std::allocator<char> >::_M_mutate(unsigned int, unsigned int, char const*, unsigned int)
 .text._ZNSt7__cxx1112basic_stringIcSt11char_traitsIcESaIcEE9_M_appendEPKcj
                0x0800119c       0x40 d:/program files (x86)/gnu tools arm embedded/7 2018-q2-update/bin/../lib/gcc/arm-none-eabi/7.3.1/../../../../arm-none-eabi/lib/thumb/v7-m\libstdc++_nano.a(string-inst.o)
                0x0800119c                std::__cxx11::basic_string<char, std::char_traits<char>, std::allocator<char> >::_M_append(char const*, unsigned int)
 .text._ZSt19__throw_logic_errorPKc
                0x080011dc        0x6 d:/program files (x86)/gnu tools arm embedded/7 2018-q2-update/bin/../lib/gcc/arm-none-eabi/7.3.1/../../../../arm-none-eabi/lib/thumb/v7-m\libstdc++_nano.a(functexcept.o)
                0x080011dc                std::__throw_logic_error(char const*)
 .text._ZSt20__throw_length_errorPKc
                0x080011e2        0x6 d:/program files (x86)/gnu tools arm embedded/7 2018-q2-update/bin/../lib/gcc/arm-none-eabi/7.3.1/../../../../arm-none-eabi/lib/thumb/v7-m\libstdc++_nano.a(functexcept.o)
                0x080011e2                std::__throw_length_error(char const*)
 .text.__errno  0x080011e8        0xc d:/program files (x86)/gnu tools arm embedded/7 2018-q2-update/bin/../lib/gcc/arm-none-eabi/7.3.1/../../../../arm-none-eabi/lib/thumb/v7-m\libg_nano.a(lib_a-errno.o)
                0x080011e8                __errno
 .text.malloc   0x080011f4       0x10 d:/program files (x86)/gnu tools arm embedded/7 2018-q2-update/bin/../lib/gcc/arm-none-eabi/7.3.1/../../../../arm-none-eabi/lib/thumb/v7-m\libg_nano.a(lib_a-malloc.o)
                0x080011f4                malloc
 .text.free     0x08001204       0x10 d:/program files (x86)/gnu tools arm embedded/7 2018-q2-update/bin/../lib/gcc/arm-none-eabi/7.3.1/../../../../arm-none-eabi/lib/thumb/v7-m\libg_nano.a(lib_a-malloc.o)
                0x08001204                free
 .text.memchr   0x08001214       0x1c d:/program files (x86)/gnu tools arm embedded/7 2018-q2-update/bin/../lib/gcc/arm-none-eabi/7.3.1/../../../../arm-none-eabi/lib/thumb/v7-m\libg_nano.a(lib_a-memchr-stub.o)
                0x08001214                memchr
 .text.memcpy   0x08001230       0x16 d:/program files (x86)/gnu tools arm embedded/7 2018-q2-update/bin/../lib/gcc/arm-none-eabi/7.3.1/../../../../arm-none-eabi/lib/thumb/v7-m\libg_nano.a(lib_a-memcpy-stub.o)
                0x08001230                memcpy
 .text.memmove  0x08001246       0x32 d:/program files (x86)/gnu tools arm embedded/7 2018-q2-update/bin/../lib/gcc/arm-none-eabi/7.3.1/../../../../arm-none-eabi/lib/thumb/v7-m\libg_nano.a(lib_a-memmove.o)
                0x08001246                memmove
 .text._free_r  0x08001278       0x98 d:/program files (x86)/gnu tools arm embedded/7 2018-q2-update/bin/../lib/gcc/arm-none-eabi/7.3.1/../../../../arm-none-eabi/lib/thumb/v7-m\libg_nano.a(lib_a-nano-freer.o)
                0x08001278                _free_r
 .text._malloc_r
                0x08001310       0xb4 d:/program files (x86)/gnu tools arm embedded/7 2018-q2-update/bin/../lib/gcc/arm-none-eabi/7.3.1/../../../../arm-none-eabi/lib/thumb/v7-m\libg_nano.a(lib_a-nano-mallocr.o)
                0x08001310                _malloc_r
 .text._sbrk_r  0x080013c4       0x20 d:/program files (x86)/gnu tools arm embedded/7 2018-q2-update/bin/../lib/gcc/arm-none-eabi/7.3.1/../../../../arm-none-eabi/lib/thumb/v7-m\libg_nano.a(lib_a-sbrkr.o)
                0x080013c4                _sbrk_r
 .text.sprintf  0x080013e4       0x40 d:/program files (x86)/gnu tools arm embedded/7 2018-q2-update/bin/../lib/gcc/arm-none-eabi/7.3.1/../../../../arm-none-eabi/lib/thumb/v7-m\libg_nano.a(lib_a-sprintf.o)
                0x080013e4                siprintf
                0x080013e4                sprintf
 .text          0x08001424       0x10 d:/program files (x86)/gnu tools arm embedded/7 2018-q2-update/bin/../lib/gcc/arm-none-eabi/7.3.1/../../../../arm-none-eabi/lib/thumb/v7-m\libg_nano.a(lib_a-strlen.o)
                0x08001424                strlen
 .text._vsnprintf_r
                0x08001434       0x58 d:/program files (x86)/gnu tools arm embedded/7 2018-q2-update/bin/../lib/gcc/arm-none-eabi/7.3.1/../../../../arm-none-eabi/lib/thumb/v7-m\libg_nano.a(lib_a-vsnprintf.o)
                0x08001434                _vsniprintf_r
                0x08001434                _vsnprintf_r
 .text.vsnprintf
                0x0800148c       0x1c d:/program files (x86)/gnu tools arm embedded/7 2018-q2-update/bin/../lib/gcc/arm-none-eabi/7.3.1/../../../../arm-none-eabi/lib/thumb/v7-m\libg_nano.a(lib_a-vsnprintf.o)
                0x0800148c                vsniprintf
                0x0800148c                vsnprintf
 .text.__malloc_lock
                0x080014a8        0x2 d:/program files (x86)/gnu tools arm embedded/7 2018-q2-update/bin/../lib/gcc/arm-none-eabi/7.3.1/../../../../arm-none-eabi/lib/thumb/v7-m\libg_nano.a(lib_a-mlock.o)
                0x080014a8                __malloc_lock
 .text.__malloc_unlock
                0x080014aa        0x2 d:/program files (x86)/gnu tools arm embedded/7 2018-q2-update/bin/../lib/gcc/arm-none-eabi/7.3.1/../../../../arm-none-eabi/lib/thumb/v7-m\libg_nano.a(lib_a-mlock.o)
                0x080014aa                __malloc_unlock
 .text.__ssputs_r
                0x080014ac       0xb4 d:/program files (x86)/gnu tools arm embedded/7 2018-q2-update/bin/../lib/gcc/arm-none-eabi/7.3.1/../../../../arm-none-eabi/lib/thumb/v7-m\libg_nano.a(lib_a-nano-svfprintf.o)
                0x080014ac                __ssputs_r
 .text._svfprintf_r
                0x08001560      0x1f0 d:/program files (x86)/gnu tools arm embedded/7 2018-q2-update/bin/../lib/gcc/arm-none-eabi/7.3.1/../../../../arm-none-eabi/lib/thumb/v7-m\libg_nano.a(lib_a-nano-svfprintf.o)
                0x08001560                _svfiprintf_r
                0x08001560                _svfprintf_r
 .text._printf_common
                0x08001750       0xec d:/program files (x86)/gnu tools arm embedded/7 2018-q2-update/bin/../lib/gcc/arm-none-eabi/7.3.1/../../../../arm-none-eabi/lib/thumb/v7-m\libg_nano.a(lib_a-nano-vfprintf_i.o)
                0x08001750                _printf_common
 .text._printf_i
                0x0800183c      0x224 d:/program files (x86)/gnu tools arm embedded/7 2018-q2-update/bin/../lib/gcc/arm-none-eabi/7.3.1/../../../../arm-none-eabi/lib/thumb/v7-m\libg_nano.a(lib_a-nano-vfprintf_i.o)
                0x0800183c                _printf_i
 .text._realloc_r
                0x08001a60       0x4c d:/program files (x86)/gnu tools arm embedded/7 2018-q2-update/bin/../lib/gcc/arm-none-eabi/7.3.1/../../../../arm-none-eabi/lib/thumb/v7-m\libg_nano.a(lib_a-nano-reallocr.o)
                0x08001a60                _realloc_r
 .text._malloc_usable_size_r
                0x08001aac       0x10 d:/program files (x86)/gnu tools arm embedded/7 2018-q2-update/bin/../lib/gcc/arm-none-eabi/7.3.1/../../../../arm-none-eabi/lib/thumb/v7-m\libg_nano.a(lib_a-nano-msizer.o)
                0x08001aac                _malloc_usable_size_r
 *(.rodata .rodata.* .constdata .constdata.*)
 .rodata.abort.str1.4
                0x08001abc       0x14 ./system/src/newlib/_exit.o
 .rodata.trace_puts.str1.4
                0x08001ad0       0x14 ./system/src/diag/Trace.o
                                  0x2 (size before relaxing)
 .rodata.dumpExceptionStack.str1.4
                0x08001ad0      0x11a ./system/src/cortexm/exception_handlers.o
 *fill*         0x08001bea        0x2 
 .rodata.str1.4
                0x08001bec       0x2a ./system/src/cortexm/exception_handlers.o
 *fill*         0x08001c16        0x2 
 .rodata.._129  0x08001c18        0x8 ./src/IliDisplayDriver.o
 .rodata.._130  0x08001c20        0x5 ./src/IliDisplayDriver.o
 *fill*         0x08001c25        0x3 
 .rodata.._139  0x08001c28        0x2 ./src/LedDisplayDriver.o
 *fill*         0x08001c2a        0x2 
 .rodata.._140  0x08001c2c        0x1 ./src/LedDisplayDriver.o
 *fill*         0x08001c2d        0x3 
 .rodata._ZN16LedDisplayDriver11dma6HandlerEv.str1.4
                0x08001c30        0xc ./src/LedDisplayDriver.o
 .rodata._ZN16LedDisplayDriver13buttonPressedEv.str1.4
                0x08001c3c        0xc ./src/LedDisplayDriver.o
 .rodata._ZN16LedDisplayDriver13writeToBufferEm.str1.4
                0x08001c48        0x7 ./src/LedDisplayDriver.o
 *fill*         0x08001c4f        0x1 
 .rodata._ZN16LedDisplayDriver18handleI2cInterruptEv.str1.4
                0x08001c50        0xc ./src/LedDisplayDriver.o
 .rodata._ZN6Logger5writeEm.str1.4
                0x08001c5c        0x7 ./src/Logger.o
 .rodata._ZN6Logger7writelnEPc.str1.4
                0x08001c5c        0x2 ./src/Logger.o
 .rodata.._142  0x08001c5c        0x2 ./src/main.o
 *fill*         0x08001c5e        0x2 
 .rodata.._144  0x08001c60        0x2 ./src/main.o
 *fill*         0x08001c62        0x2 
 .rodata.._145  0x08001c64        0x2 ./src/main.o
 *fill*         0x08001c66        0x2 
 .rodata.EXTI0_IRQHandler.str1.4
                0x08001c68       0x10 ./src/main.o
 .rodata.I2C1_ER_IRQHandler.str1.4
                0x08001c78       0x37 ./src/main.o
 *fill*         0x08001caf        0x1 
 .rodata._ZNSt7__cxx1112basic_stringIcSt11char_traitsIcESaIcEE12_M_constructIPKcEEvT_S8_St20forward_iterator_tag.str1.4
                0x08001cb0       0x2a ./src/main.o
 *fill*         0x08001cda        0x2 
 .rodata.main.str1.4
                0x08001cdc       0x2c ./src/main.o
                                 0x29 (size before relaxing)
 .rodata._ZNSt7__cxx1112basic_stringIcSt11char_traitsIcESaIcEE9_M_createERjj.str1.1
                0x08001d08       0x18 d:/program files (x86)/gnu tools arm embedded/7 2018-q2-update/bin/../lib/gcc/arm-none-eabi/7.3.1/../../../../arm-none-eabi/lib/thumb/v7-m\libstdc++_nano.a(string-inst.o)
 .rodata._svfprintf_r.str1.1
                0x08001d20       0x11 d:/program files (x86)/gnu tools arm embedded/7 2018-q2-update/bin/../lib/gcc/arm-none-eabi/7.3.1/../../../../arm-none-eabi/lib/thumb/v7-m\libg_nano.a(lib_a-nano-svfprintf.o)
 .rodata._printf_i.str1.1
                0x08001d31       0x22 d:/program files (x86)/gnu tools arm embedded/7 2018-q2-update/bin/../lib/gcc/arm-none-eabi/7.3.1/../../../../arm-none-eabi/lib/thumb/v7-m\libg_nano.a(lib_a-nano-vfprintf_i.o)
 *(vtable)
 *(.eh_frame*)
 *(.glue_7)
 .glue_7        0x08001d53        0x0 linker stubs
 *(.glue_7t)
 .glue_7t       0x08001d53        0x0 linker stubs

.vfp11_veneer   0x08001d54        0x0
 .vfp11_veneer  0x08001d54        0x0 linker stubs

.v4_bx          0x08001d54        0x0
 .v4_bx         0x08001d54        0x0 linker stubs

.iplt           0x08001d54        0x0
 .iplt          0x08001d54        0x0 ./system/src/newlib/_exit.o

.rel.dyn        0x08001d54        0x0
 .rel.iplt      0x08001d54        0x0 ./system/src/newlib/_exit.o

.ARM.extab
 *(.ARM.extab* .gnu.linkonce.armextab.*)
                0x08001d54                . = ALIGN (0x4)
                0x08001d54                __exidx_start = .

.ARM.exidx
 *(.ARM.exidx* .gnu.linkonce.armexidx.*)
                0x08001d54                __exidx_end = .
                0x08001d54                . = ALIGN (0x4)
                0x08001d54                _etext = .
                0x08001d54                __etext = .

.data_CCMRAM    0x00000000        0x0 load address 0x08001d54
 FILL mask 0xff
 *(.data.CCMRAM .data.CCMRAM.*)
                0x00000000                . = ALIGN (0x4)
                0x08001d54                _sidata = LOADADDR (.data)

.data           0x20000000      0x290 load address 0x08001d54
 FILL mask 0xff
                0x20000000                _sdata = .
                0x20000000                __data_start__ = .
 *(.data_begin .data_begin.*)
 .data_begin    0x20000000        0x4 ./system/src/newlib/_startup.o
 *(.data .data.*)
 .data.argv.4310
                0x20000004        0x8 ./system/src/newlib/_syscalls.o
 .data.AHBPrescTable
                0x2000000c       0x10 ./system/src/cmsis/system_stm32f10x.o
                0x2000000c                AHBPrescTable
 .data.SystemCoreClock
                0x2000001c        0x4 ./system/src/cmsis/system_stm32f10x.o
                0x2000001c                SystemCoreClock
 .data._ZN16LedDisplayDriver22initializationSequenceE
                0x20000020       0x28 ./src/LedDisplayDriver.o
                0x20000020                LedDisplayDriver::initializationSequence
 .data._ZN16LedDisplayDriver7font5x7E
                0x20000048      0x1e0 ./src/LedDisplayDriver.o
                0x20000048                LedDisplayDriver::font5x7
 .data._impure_ptr
                0x20000228        0x4 d:/program files (x86)/gnu tools arm embedded/7 2018-q2-update/bin/../lib/gcc/arm-none-eabi/7.3.1/../../../../arm-none-eabi/lib/thumb/v7-m\libg_nano.a(lib_a-impure.o)
                0x20000228                _impure_ptr
 .data.impure_data
                0x2000022c       0x60 d:/program files (x86)/gnu tools arm embedded/7 2018-q2-update/bin/../lib/gcc/arm-none-eabi/7.3.1/../../../../arm-none-eabi/lib/thumb/v7-m\libg_nano.a(lib_a-impure.o)
 *(.data_end .data_end.*)
 .data_end      0x2000028c        0x4 ./system/src/newlib/_startup.o
                0x20000290                . = ALIGN (0x4)
                0x20000290                _edata = .
                0x20000290                __data_end__ = .

.igot.plt       0x20000290        0x0 load address 0x08001fe4
 .igot.plt      0x20000290        0x0 ./system/src/newlib/_exit.o

.bss_CCMRAM     0x00000000        0x0
 *(.bss.CCMRAM .bss.CCMRAM.*)

.bss            0x20000290      0x1f4
                0x20000290                __bss_start__ = .
                0x20000290                _sbss = .
 *(.bss_begin .bss_begin.*)
 .bss_begin     0x20000290        0x4 ./system/src/newlib/_startup.o
 *(.bss .bss.*)
 .bss.current_heap_end.3961
                0x20000294        0x4 ./system/src/newlib/_sbrk.o
 .bss.name.4309
                0x20000298        0x1 ./system/src/newlib/_syscalls.o
 *fill*         0x20000299        0x3 
 .bss.buf.5205  0x2000029c       0x80 ./system/src/diag/Trace.o
 .bss._ZN16IliDisplayDriver12CONTROL_PINSE
                0x2000031c        0xc ./src/IliDisplayDriver.o
                0x2000031c                IliDisplayDriver::CONTROL_PINS
 .bss._ZN16IliDisplayDriver13PARALLEL_PINSE
                0x20000328        0xc ./src/IliDisplayDriver.o
                0x20000328                IliDisplayDriver::PARALLEL_PINS
 .bss._ZZN16LedDisplayDriver13buttonPressedEvE1i
                0x20000334        0x1 ./src/LedDisplayDriver.o
 *fill*         0x20000335        0x3 
 .bss._ZZN6Logger5writeEmE6buffer
                0x20000338        0xa ./src/Logger.o
 *fill*         0x20000342        0x2 
 .bss._ZN5Timer13ms_delayCountE
                0x20000344        0x4 ./src/Timer.o
                0x20000344                Timer::ms_delayCount
 .bss._ZZ18I2C1_ER_IRQHandlerE6buffer
                0x20000348        0x8 ./src/main.o
 .bss.displayDriver
                0x20000350      0x120 ./src/main.o
                0x20000350                displayDriver
 .bss._ZN12_GLOBAL__N_113__new_handlerE
                0x20000470        0x4 d:/program files (x86)/gnu tools arm embedded/7 2018-q2-update/bin/../lib/gcc/arm-none-eabi/7.3.1/../../../../arm-none-eabi/lib/thumb/v7-m\libstdc++_nano.a(new_handler.o)
 .bss.__malloc_free_list
                0x20000474        0x4 d:/program files (x86)/gnu tools arm embedded/7 2018-q2-update/bin/../lib/gcc/arm-none-eabi/7.3.1/../../../../arm-none-eabi/lib/thumb/v7-m\libg_nano.a(lib_a-nano-mallocr.o)
                0x20000474                __malloc_free_list
 .bss.__malloc_sbrk_start
                0x20000478        0x4 d:/program files (x86)/gnu tools arm embedded/7 2018-q2-update/bin/../lib/gcc/arm-none-eabi/7.3.1/../../../../arm-none-eabi/lib/thumb/v7-m\libg_nano.a(lib_a-nano-mallocr.o)
                0x20000478                __malloc_sbrk_start
 *(COMMON)
 COMMON         0x2000047c        0x4 ./system/src/newlib/_syscalls.o
                0x2000047c                errno
 *(.bss_end .bss_end.*)
 .bss_end       0x20000480        0x4 ./system/src/newlib/_startup.o
                0x20000484                . = ALIGN (0x4)
                0x20000484                __bss_end__ = .
                0x20000484                _ebss = .

.noinit_CCMRAM
 *(.noinit.CCMRAM .noinit.CCMRAM.*)

.noinit         0x20000484        0x0
                0x20000484                _noinit = .
 *(.noinit .noinit.*)
                0x20000484                . = ALIGN (0x4)
                0x20000484                _end_noinit = .
                [!provide]                PROVIDE (end = _end_noinit)
                [!provide]                PROVIDE (_end = _end_noinit)
                [!provide]                PROVIDE (__end = _end_noinit)
                [!provide]                PROVIDE (__end__ = _end_noinit)

._check_stack   0x20000484      0x100
                0x20000584                . = (. + _Minimum_Stack_Size)
 *fill*         0x20000484      0x100 

.b1text
 *(.b1text)
 *(.b1rodata)
 *(.b1rodata.*)

.eb0text
 *(.eb0text)
 *(.eb0rodata)
 *(.eb0rodata.*)

.eb1text
 *(.eb1text)
 *(.eb1rodata)
 *(.eb1rodata.*)

.eb2text
 *(.eb2text)
 *(.eb2rodata)
 *(.eb2rodata.*)

.eb3text
 *(.eb3text)
 *(.eb3rodata)
 *(.eb3rodata.*)

.stab
 *(.stab)

.stabstr
 *(.stabstr)

.stab.excl
 *(.stab.excl)

.stab.exclstr
 *(.stab.exclstr)

.stab.index
 *(.stab.index)

.stab.indexstr
 *(.stab.indexstr)

.comment        0x00000000       0x7f
 *(.comment)
 .comment       0x00000000       0x7f ./system/src/newlib/_exit.o
                                 0x80 (size before relaxing)
 .comment       0x0000007f       0x80 ./system/src/newlib/_sbrk.o
 .comment       0x0000007f       0x80 ./system/src/newlib/_startup.o
 .comment       0x0000007f       0x80 ./system/src/newlib/_syscalls.o
 .comment       0x0000007f       0x80 ./system/src/diag/Trace.o
 .comment       0x0000007f       0x80 ./system/src/diag/trace_impl.o
 .comment       0x0000007f       0x80 ./system/src/cortexm/_initialize_hardware.o
 .comment       0x0000007f       0x80 ./system/src/cortexm/exception_handlers.o
 .comment       0x0000007f       0x80 ./system/src/cmsis/system_stm32f10x.o
 .comment       0x0000007f       0x80 ./system/src/cmsis/vectors_stm32f10x.o
 .comment       0x0000007f       0x80 ./src/ExtiHandler.o
 .comment       0x0000007f       0x80 ./src/GpioMode.o
 .comment       0x0000007f       0x80 ./src/IliDisplayDriver.o
 .comment       0x0000007f       0x80 ./src/IoDriver.o
 .comment       0x0000007f       0x80 ./src/LedDisplayDriver.o
 .comment       0x0000007f       0x80 ./src/Logger.o
 .comment       0x0000007f       0x80 ./src/Timer.o
 .comment       0x0000007f       0x80 ./src/main.o

.ARM.attributes
                0x00000000       0x31
 .ARM.attributes
                0x00000000       0x33 ./system/src/newlib/_exit.o
 .ARM.attributes
                0x00000033       0x33 ./system/src/newlib/_sbrk.o
 .ARM.attributes
                0x00000066       0x33 ./system/src/newlib/_startup.o
 .ARM.attributes
                0x00000099       0x33 ./system/src/newlib/_syscalls.o
 .ARM.attributes
                0x000000cc       0x33 ./system/src/diag/Trace.o
 .ARM.attributes
                0x000000ff       0x33 ./system/src/diag/trace_impl.o
 .ARM.attributes
                0x00000132       0x33 ./system/src/cortexm/_initialize_hardware.o
 .ARM.attributes
                0x00000165       0x33 ./system/src/cortexm/exception_handlers.o
 .ARM.attributes
                0x00000198       0x33 ./system/src/cmsis/system_stm32f10x.o
 .ARM.attributes
                0x000001cb       0x33 ./system/src/cmsis/vectors_stm32f10x.o
 .ARM.attributes
                0x000001fe       0x33 ./src/ExtiHandler.o
 .ARM.attributes
                0x00000231       0x33 ./src/GpioMode.o
 .ARM.attributes
                0x00000264       0x33 ./src/IliDisplayDriver.o
 .ARM.attributes
                0x00000297       0x33 ./src/IoDriver.o
 .ARM.attributes
                0x000002ca       0x33 ./src/LedDisplayDriver.o
 .ARM.attributes
                0x000002fd       0x33 ./src/Logger.o
 .ARM.attributes
                0x00000330       0x33 ./src/Timer.o
 .ARM.attributes
                0x00000363       0x33 ./src/main.o
 .ARM.attributes
                0x00000396       0x2d d:/program files (x86)/gnu tools arm embedded/7 2018-q2-update/bin/../lib/gcc/arm-none-eabi/7.3.1/../../../../arm-none-eabi/lib/thumb/v7-m\libstdc++_nano.a(new_op.o)
 .ARM.attributes
                0x000003c3       0x2d d:/program files (x86)/gnu tools arm embedded/7 2018-q2-update/bin/../lib/gcc/arm-none-eabi/7.3.1/../../../../arm-none-eabi/lib/thumb/v7-m\libstdc++_nano.a(del_op.o)
 .ARM.attributes
                0x000003f0       0x2d d:/program files (x86)/gnu tools arm embedded/7 2018-q2-update/bin/../lib/gcc/arm-none-eabi/7.3.1/../../../../arm-none-eabi/lib/thumb/v7-m\libstdc++_nano.a(new_handler.o)
 .ARM.attributes
                0x0000041d       0x2d d:/program files (x86)/gnu tools arm embedded/7 2018-q2-update/bin/../lib/gcc/arm-none-eabi/7.3.1/../../../../arm-none-eabi/lib/thumb/v7-m\libstdc++_nano.a(string-inst.o)
 .ARM.attributes
                0x0000044a       0x2d d:/program files (x86)/gnu tools arm embedded/7 2018-q2-update/bin/../lib/gcc/arm-none-eabi/7.3.1/../../../../arm-none-eabi/lib/thumb/v7-m\libstdc++_nano.a(functexcept.o)
 .ARM.attributes
                0x00000477       0x2d d:/program files (x86)/gnu tools arm embedded/7 2018-q2-update/bin/../lib/gcc/arm-none-eabi/7.3.1/../../../../arm-none-eabi/lib/thumb/v7-m\libg_nano.a(lib_a-errno.o)
 .ARM.attributes
                0x000004a4       0x2d d:/program files (x86)/gnu tools arm embedded/7 2018-q2-update/bin/../lib/gcc/arm-none-eabi/7.3.1/../../../../arm-none-eabi/lib/thumb/v7-m\libg_nano.a(lib_a-impure.o)
 .ARM.attributes
                0x000004d1       0x2d d:/program files (x86)/gnu tools arm embedded/7 2018-q2-update/bin/../lib/gcc/arm-none-eabi/7.3.1/../../../../arm-none-eabi/lib/thumb/v7-m\libg_nano.a(lib_a-malloc.o)
 .ARM.attributes
                0x000004fe       0x2d d:/program files (x86)/gnu tools arm embedded/7 2018-q2-update/bin/../lib/gcc/arm-none-eabi/7.3.1/../../../../arm-none-eabi/lib/thumb/v7-m\libg_nano.a(lib_a-memchr-stub.o)
 .ARM.attributes
                0x0000052b       0x2d d:/program files (x86)/gnu tools arm embedded/7 2018-q2-update/bin/../lib/gcc/arm-none-eabi/7.3.1/../../../../arm-none-eabi/lib/thumb/v7-m\libg_nano.a(lib_a-memcpy-stub.o)
 .ARM.attributes
                0x00000558       0x2d d:/program files (x86)/gnu tools arm embedded/7 2018-q2-update/bin/../lib/gcc/arm-none-eabi/7.3.1/../../../../arm-none-eabi/lib/thumb/v7-m\libg_nano.a(lib_a-memmove.o)
 .ARM.attributes
                0x00000585       0x2d d:/program files (x86)/gnu tools arm embedded/7 2018-q2-update/bin/../lib/gcc/arm-none-eabi/7.3.1/../../../../arm-none-eabi/lib/thumb/v7-m\libg_nano.a(lib_a-nano-freer.o)
 .ARM.attributes
                0x000005b2       0x2d d:/program files (x86)/gnu tools arm embedded/7 2018-q2-update/bin/../lib/gcc/arm-none-eabi/7.3.1/../../../../arm-none-eabi/lib/thumb/v7-m\libg_nano.a(lib_a-nano-mallocr.o)
 .ARM.attributes
                0x000005df       0x2d d:/program files (x86)/gnu tools arm embedded/7 2018-q2-update/bin/../lib/gcc/arm-none-eabi/7.3.1/../../../../arm-none-eabi/lib/thumb/v7-m\libg_nano.a(lib_a-sbrkr.o)
 .ARM.attributes
                0x0000060c       0x2d d:/program files (x86)/gnu tools arm embedded/7 2018-q2-update/bin/../lib/gcc/arm-none-eabi/7.3.1/../../../../arm-none-eabi/lib/thumb/v7-m\libg_nano.a(lib_a-sprintf.o)
 .ARM.attributes
                0x00000639       0x17 d:/program files (x86)/gnu tools arm embedded/7 2018-q2-update/bin/../lib/gcc/arm-none-eabi/7.3.1/../../../../arm-none-eabi/lib/thumb/v7-m\libg_nano.a(lib_a-strlen.o)
 .ARM.attributes
                0x00000650       0x2d d:/program files (x86)/gnu tools arm embedded/7 2018-q2-update/bin/../lib/gcc/arm-none-eabi/7.3.1/../../../../arm-none-eabi/lib/thumb/v7-m\libg_nano.a(lib_a-vsnprintf.o)
 .ARM.attributes
                0x0000067d       0x2d d:/program files (x86)/gnu tools arm embedded/7 2018-q2-update/bin/../lib/gcc/arm-none-eabi/7.3.1/../../../../arm-none-eabi/lib/thumb/v7-m\libg_nano.a(lib_a-mlock.o)
 .ARM.attributes
                0x000006aa       0x2d d:/program files (x86)/gnu tools arm embedded/7 2018-q2-update/bin/../lib/gcc/arm-none-eabi/7.3.1/../../../../arm-none-eabi/lib/thumb/v7-m\libg_nano.a(lib_a-nano-svfprintf.o)
 .ARM.attributes
                0x000006d7       0x2d d:/program files (x86)/gnu tools arm embedded/7 2018-q2-update/bin/../lib/gcc/arm-none-eabi/7.3.1/../../../../arm-none-eabi/lib/thumb/v7-m\libg_nano.a(lib_a-nano-vfprintf_i.o)
 .ARM.attributes
                0x00000704       0x2d d:/program files (x86)/gnu tools arm embedded/7 2018-q2-update/bin/../lib/gcc/arm-none-eabi/7.3.1/../../../../arm-none-eabi/lib/thumb/v7-m\libg_nano.a(lib_a-nano-reallocr.o)
 .ARM.attributes
                0x00000731       0x2d d:/program files (x86)/gnu tools arm embedded/7 2018-q2-update/bin/../lib/gcc/arm-none-eabi/7.3.1/../../../../arm-none-eabi/lib/thumb/v7-m\libg_nano.a(lib_a-nano-msizer.o)

.debug
 *(.debug)

.line
 *(.line)

.debug_srcinfo
 *(.debug_srcinfo)

.debug_sfnames
 *(.debug_sfnames)

.debug_aranges  0x00000000      0x440
 *(.debug_aranges)
 .debug_aranges
                0x00000000       0x28 ./system/src/newlib/_exit.o
 .debug_aranges
                0x00000028       0x20 ./system/src/newlib/_sbrk.o
 .debug_aranges
                0x00000048       0x40 ./system/src/newlib/_startup.o
 .debug_aranges
                0x00000088       0x30 ./system/src/newlib/_syscalls.o
 .debug_aranges
                0x000000b8       0x38 ./system/src/diag/Trace.o
 .debug_aranges
                0x000000f0       0x30 ./system/src/diag/trace_impl.o
 .debug_aranges
                0x00000120       0x28 ./system/src/cortexm/_initialize_hardware.o
 .debug_aranges
                0x00000148       0x90 ./system/src/cortexm/exception_handlers.o
 .debug_aranges
                0x000001d8       0x38 ./system/src/cmsis/system_stm32f10x.o
 .debug_aranges
                0x00000210       0x20 ./system/src/cmsis/vectors_stm32f10x.o
 .debug_aranges
                0x00000230       0x20 ./src/ExtiHandler.o
 .debug_aranges
                0x00000250       0x20 ./src/GpioMode.o
 .debug_aranges
                0x00000270       0x60 ./src/IliDisplayDriver.o
 .debug_aranges
                0x000002d0       0x20 ./src/IoDriver.o
 .debug_aranges
                0x000002f0       0x88 ./src/LedDisplayDriver.o
 .debug_aranges
                0x00000378       0x38 ./src/Logger.o
 .debug_aranges
                0x000003b0       0x28 ./src/Timer.o
 .debug_aranges
                0x000003d8       0x68 ./src/main.o

.debug_pubnames
 *(.debug_pubnames)

.debug_info     0x00000000    0x1c288
 *(.debug_info .gnu.linkonce.wi.*)
 .debug_info    0x00000000      0x956 ./system/src/newlib/_exit.o
 .debug_info    0x00000956      0x942 ./system/src/newlib/_sbrk.o
 .debug_info    0x00001298      0x42e ./system/src/newlib/_startup.o
 .debug_info    0x000016c6      0xa19 ./system/src/newlib/_syscalls.o
 .debug_info    0x000020df      0xb2a ./system/src/diag/Trace.o
 .debug_info    0x00002c09      0x363 ./system/src/diag/trace_impl.o
 .debug_info    0x00002f6c      0x2b5 ./system/src/cortexm/_initialize_hardware.o
 .debug_info    0x00003221     0x1140 ./system/src/cortexm/exception_handlers.o
 .debug_info    0x00004361      0x494 ./system/src/cmsis/system_stm32f10x.o
 .debug_info    0x000047f5       0xca ./system/src/cmsis/vectors_stm32f10x.o
 .debug_info    0x000048bf     0x2e26 ./src/ExtiHandler.o
 .debug_info    0x000076e5      0x1af ./src/GpioMode.o
 .debug_info    0x00007894     0x4eb8 ./src/IliDisplayDriver.o
 .debug_info    0x0000c74c     0x1f4b ./src/IoDriver.o
 .debug_info    0x0000e697     0x3314 ./src/LedDisplayDriver.o
 .debug_info    0x000119ab      0xb01 ./src/Logger.o
 .debug_info    0x000124ac      0x1a1 ./src/Timer.o
 .debug_info    0x0001264d     0x9c3b ./src/main.o

.debug_abbrev   0x00000000     0x3deb
 *(.debug_abbrev)
 .debug_abbrev  0x00000000      0x1f3 ./system/src/newlib/_exit.o
 .debug_abbrev  0x000001f3      0x1fc ./system/src/newlib/_sbrk.o
 .debug_abbrev  0x000003ef      0x1b3 ./system/src/newlib/_startup.o
 .debug_abbrev  0x000005a2      0x234 ./system/src/newlib/_syscalls.o
 .debug_abbrev  0x000007d6      0x276 ./system/src/diag/Trace.o
 .debug_abbrev  0x00000a4c      0x1e2 ./system/src/diag/trace_impl.o
 .debug_abbrev  0x00000c2e       0xea ./system/src/cortexm/_initialize_hardware.o
 .debug_abbrev  0x00000d18      0x32b ./system/src/cortexm/exception_handlers.o
 .debug_abbrev  0x00001043      0x177 ./system/src/cmsis/system_stm32f10x.o
 .debug_abbrev  0x000011ba       0x9d ./system/src/cmsis/vectors_stm32f10x.o
 .debug_abbrev  0x00001257      0x69f ./src/ExtiHandler.o
 .debug_abbrev  0x000018f6      0x10e ./src/GpioMode.o
 .debug_abbrev  0x00001a04      0x7d9 ./src/IliDisplayDriver.o
 .debug_abbrev  0x000021dd      0x574 ./src/IoDriver.o
 .debug_abbrev  0x00002751      0x7e1 ./src/LedDisplayDriver.o
 .debug_abbrev  0x00002f32      0x235 ./src/Logger.o
 .debug_abbrev  0x00003167      0x188 ./src/Timer.o
 .debug_abbrev  0x000032ef      0xafc ./src/main.o

.debug_line     0x00000000     0x6c44
 *(.debug_line)
 .debug_line    0x00000000      0x373 ./system/src/newlib/_exit.o
 .debug_line    0x00000373      0x327 ./system/src/newlib/_sbrk.o
 .debug_line    0x0000069a      0x3e1 ./system/src/newlib/_startup.o
 .debug_line    0x00000a7b      0x446 ./system/src/newlib/_syscalls.o
 .debug_line    0x00000ec1      0x3ef ./system/src/diag/Trace.o
 .debug_line    0x000012b0      0x65c ./system/src/diag/trace_impl.o
 .debug_line    0x0000190c      0x37d ./system/src/cortexm/_initialize_hardware.o
 .debug_line    0x00001c89      0x71e ./system/src/cortexm/exception_handlers.o
 .debug_line    0x000023a7      0x3f0 ./system/src/cmsis/system_stm32f10x.o
 .debug_line    0x00002797      0x109 ./system/src/cmsis/vectors_stm32f10x.o
 .debug_line    0x000028a0      0x8dc ./src/ExtiHandler.o
 .debug_line    0x0000317c       0x77 ./src/GpioMode.o
 .debug_line    0x000031f3      0xc55 ./src/IliDisplayDriver.o
 .debug_line    0x00003e48      0x8c6 ./src/IoDriver.o
 .debug_line    0x0000470e      0xd6a ./src/LedDisplayDriver.o
 .debug_line    0x00005478      0x3d4 ./src/Logger.o
 .debug_line    0x0000584c      0x39f ./src/Timer.o
 .debug_line    0x00005beb     0x1059 ./src/main.o

.debug_frame    0x00000000     0x1fd0
 *(.debug_frame)
 .debug_frame   0x00000000       0x38 ./system/src/newlib/_exit.o
 .debug_frame   0x00000038       0x28 ./system/src/newlib/_sbrk.o
 .debug_frame   0x00000060       0x7c ./system/src/newlib/_startup.o
 .debug_frame   0x000000dc       0x50 ./system/src/newlib/_syscalls.o
 .debug_frame   0x0000012c       0x94 ./system/src/diag/Trace.o
 .debug_frame   0x000001c0       0x64 ./system/src/diag/trace_impl.o
 .debug_frame   0x00000224       0x40 ./system/src/cortexm/_initialize_hardware.o
 .debug_frame   0x00000264      0x158 ./system/src/cortexm/exception_handlers.o
 .debug_frame   0x000003bc       0x6c ./system/src/cmsis/system_stm32f10x.o
 .debug_frame   0x00000428       0x20 ./system/src/cmsis/vectors_stm32f10x.o
 .debug_frame   0x00000448       0x30 ./src/ExtiHandler.o
 .debug_frame   0x00000478       0x20 ./src/GpioMode.o
 .debug_frame   0x00000498       0xf8 ./src/IliDisplayDriver.o
 .debug_frame   0x00000590       0x30 ./src/IoDriver.o
 .debug_frame   0x000005c0      0x170 ./src/LedDisplayDriver.o
 .debug_frame   0x00000730       0x70 ./src/Logger.o
 .debug_frame   0x000007a0       0x30 ./src/Timer.o
 .debug_frame   0x000007d0      0x12c ./src/main.o
 .debug_frame   0x000008fc       0x28 d:/program files (x86)/gnu tools arm embedded/7 2018-q2-update/bin/../lib/gcc/arm-none-eabi/7.3.1/../../../../arm-none-eabi/lib/thumb/v7-m\libstdc++_nano.a(new_op.o)
 .debug_frame   0x00000924       0x20 d:/program files (x86)/gnu tools arm embedded/7 2018-q2-update/bin/../lib/gcc/arm-none-eabi/7.3.1/../../../../arm-none-eabi/lib/thumb/v7-m\libstdc++_nano.a(del_op.o)
 .debug_frame   0x00000944       0x30 d:/program files (x86)/gnu tools arm embedded/7 2018-q2-update/bin/../lib/gcc/arm-none-eabi/7.3.1/../../../../arm-none-eabi/lib/thumb/v7-m\libstdc++_nano.a(new_handler.o)
 .debug_frame   0x00000974     0x1160 d:/program files (x86)/gnu tools arm embedded/7 2018-q2-update/bin/../lib/gcc/arm-none-eabi/7.3.1/../../../../arm-none-eabi/lib/thumb/v7-m\libstdc++_nano.a(string-inst.o)
 .debug_frame   0x00001ad4      0x170 d:/program files (x86)/gnu tools arm embedded/7 2018-q2-update/bin/../lib/gcc/arm-none-eabi/7.3.1/../../../../arm-none-eabi/lib/thumb/v7-m\libstdc++_nano.a(functexcept.o)
 .debug_frame   0x00001c44       0x20 d:/program files (x86)/gnu tools arm embedded/7 2018-q2-update/bin/../lib/gcc/arm-none-eabi/7.3.1/../../../../arm-none-eabi/lib/thumb/v7-m\libg_nano.a(lib_a-errno.o)
 .debug_frame   0x00001c64       0x30 d:/program files (x86)/gnu tools arm embedded/7 2018-q2-update/bin/../lib/gcc/arm-none-eabi/7.3.1/../../../../arm-none-eabi/lib/thumb/v7-m\libg_nano.a(lib_a-malloc.o)
 .debug_frame   0x00001c94       0x28 d:/program files (x86)/gnu tools arm embedded/7 2018-q2-update/bin/../lib/gcc/arm-none-eabi/7.3.1/../../../../arm-none-eabi/lib/thumb/v7-m\libg_nano.a(lib_a-memchr-stub.o)
 .debug_frame   0x00001cbc       0x28 d:/program files (x86)/gnu tools arm embedded/7 2018-q2-update/bin/../lib/gcc/arm-none-eabi/7.3.1/../../../../arm-none-eabi/lib/thumb/v7-m\libg_nano.a(lib_a-memcpy-stub.o)
 .debug_frame   0x00001ce4       0x28 d:/program files (x86)/gnu tools arm embedded/7 2018-q2-update/bin/../lib/gcc/arm-none-eabi/7.3.1/../../../../arm-none-eabi/lib/thumb/v7-m\libg_nano.a(lib_a-memmove.o)
 .debug_frame   0x00001d0c       0x38 d:/program files (x86)/gnu tools arm embedded/7 2018-q2-update/bin/../lib/gcc/arm-none-eabi/7.3.1/../../../../arm-none-eabi/lib/thumb/v7-m\libg_nano.a(lib_a-nano-freer.o)
 .debug_frame   0x00001d44       0x2c d:/program files (x86)/gnu tools arm embedded/7 2018-q2-update/bin/../lib/gcc/arm-none-eabi/7.3.1/../../../../arm-none-eabi/lib/thumb/v7-m\libg_nano.a(lib_a-nano-mallocr.o)
 .debug_frame   0x00001d70       0x2c d:/program files (x86)/gnu tools arm embedded/7 2018-q2-update/bin/../lib/gcc/arm-none-eabi/7.3.1/../../../../arm-none-eabi/lib/thumb/v7-m\libg_nano.a(lib_a-sbrkr.o)
 .debug_frame   0x00001d9c       0x6c d:/program files (x86)/gnu tools arm embedded/7 2018-q2-update/bin/../lib/gcc/arm-none-eabi/7.3.1/../../../../arm-none-eabi/lib/thumb/v7-m\libg_nano.a(lib_a-sprintf.o)
 .debug_frame   0x00001e08       0x4c d:/program files (x86)/gnu tools arm embedded/7 2018-q2-update/bin/../lib/gcc/arm-none-eabi/7.3.1/../../../../arm-none-eabi/lib/thumb/v7-m\libg_nano.a(lib_a-vsnprintf.o)
 .debug_frame   0x00001e54       0x30 d:/program files (x86)/gnu tools arm embedded/7 2018-q2-update/bin/../lib/gcc/arm-none-eabi/7.3.1/../../../../arm-none-eabi/lib/thumb/v7-m\libg_nano.a(lib_a-mlock.o)
 .debug_frame   0x00001e84       0x90 d:/program files (x86)/gnu tools arm embedded/7 2018-q2-update/bin/../lib/gcc/arm-none-eabi/7.3.1/../../../../arm-none-eabi/lib/thumb/v7-m\libg_nano.a(lib_a-nano-svfprintf.o)
 .debug_frame   0x00001f14       0x60 d:/program files (x86)/gnu tools arm embedded/7 2018-q2-update/bin/../lib/gcc/arm-none-eabi/7.3.1/../../../../arm-none-eabi/lib/thumb/v7-m\libg_nano.a(lib_a-nano-vfprintf_i.o)
 .debug_frame   0x00001f74       0x3c d:/program files (x86)/gnu tools arm embedded/7 2018-q2-update/bin/../lib/gcc/arm-none-eabi/7.3.1/../../../../arm-none-eabi/lib/thumb/v7-m\libg_nano.a(lib_a-nano-reallocr.o)
 .debug_frame   0x00001fb0       0x20 d:/program files (x86)/gnu tools arm embedded/7 2018-q2-update/bin/../lib/gcc/arm-none-eabi/7.3.1/../../../../arm-none-eabi/lib/thumb/v7-m\libg_nano.a(lib_a-nano-msizer.o)

.debug_str      0x00000000    0x63224
 *(.debug_str)
 .debug_str     0x00000000     0x7b9f ./system/src/newlib/_exit.o
                               0x7da1 (size before relaxing)
 .debug_str     0x00007b9f      0x4ed ./system/src/newlib/_sbrk.o
                               0x7153 (size before relaxing)
 .debug_str     0x0000808c      0xbb4 ./system/src/newlib/_startup.o
                               0x688e (size before relaxing)
 .debug_str     0x00008c40      0xe8b ./system/src/newlib/_syscalls.o
                               0x802e (size before relaxing)
 .debug_str     0x00009acb      0x81f ./system/src/diag/Trace.o
                               0x8519 (size before relaxing)
 .debug_str     0x0000a2ea    0x4b2b9 ./system/src/diag/trace_impl.o
                              0x528ff (size before relaxing)
 .debug_str     0x000555a3       0xb3 ./system/src/cortexm/_initialize_hardware.o
                              0x4e833 (size before relaxing)
 .debug_str     0x00055656      0x19d ./system/src/cortexm/exception_handlers.o
                              0x53b24 (size before relaxing)
 .debug_str     0x000557f3      0x102 ./system/src/cmsis/system_stm32f10x.o
                              0x4e8cd (size before relaxing)
 .debug_str     0x000558f5       0x57 ./system/src/cmsis/vectors_stm32f10x.o
                               0x3872 (size before relaxing)
 .debug_str     0x0005594c     0x5be0 ./src/ExtiHandler.o
                              0x5468e (size before relaxing)
 .debug_str     0x0005b52c       0x14 ./src/GpioMode.o
                               0x3231 (size before relaxing)
 .debug_str     0x0005b540     0x1489 ./src/IliDisplayDriver.o
                              0x56083 (size before relaxing)
 .debug_str     0x0005c9c9      0x517 ./src/IoDriver.o
                              0x53d82 (size before relaxing)
 .debug_str     0x0005cee0      0x6b7 ./src/LedDisplayDriver.o
                              0x595b3 (size before relaxing)
 .debug_str     0x0005d597       0x33 ./src/Logger.o
                               0x86dc (size before relaxing)
 .debug_str     0x0005d5ca       0x2b ./src/Timer.o
                              0x4eb5b (size before relaxing)
 .debug_str     0x0005d5f5     0x5c2f ./src/main.o
                              0x60326 (size before relaxing)

.debug_loc      0x00000000     0x27a5
 *(.debug_loc)
 .debug_loc     0x00000000       0x85 ./system/src/newlib/_sbrk.o
 .debug_loc     0x00000085      0x1a9 ./system/src/newlib/_startup.o
 .debug_loc     0x0000022e       0x63 ./system/src/newlib/_syscalls.o
 .debug_loc     0x00000291       0xf6 ./system/src/diag/Trace.o
 .debug_loc     0x00000387      0x121 ./system/src/diag/trace_impl.o
 .debug_loc     0x000004a8      0x291 ./system/src/cortexm/exception_handlers.o
 .debug_loc     0x00000739       0xdf ./system/src/cmsis/system_stm32f10x.o
 .debug_loc     0x00000818      0x23e ./src/ExtiHandler.o
 .debug_loc     0x00000a56       0x53 ./src/GpioMode.o
 .debug_loc     0x00000aa9      0x6ae ./src/IliDisplayDriver.o
 .debug_loc     0x00001157      0x26e ./src/IoDriver.o
 .debug_loc     0x000013c5      0x41e ./src/LedDisplayDriver.o
 .debug_loc     0x000017e3       0x97 ./src/Logger.o
 .debug_loc     0x0000187a      0xf2b ./src/main.o

.debug_macinfo
 *(.debug_macinfo)

.debug_weaknames
 *(.debug_weaknames)

.debug_funcnames
 *(.debug_funcnames)

.debug_typenames
 *(.debug_typenames)

.debug_varnames
 *(.debug_varnames)
OUTPUT(2HpMotorController.elf elf32-littlearm)

.debug_ranges   0x00000000      0x4d0
 .debug_ranges  0x00000000       0x18 ./system/src/newlib/_exit.o
 .debug_ranges  0x00000018       0x10 ./system/src/newlib/_sbrk.o
 .debug_ranges  0x00000028       0x78 ./system/src/newlib/_startup.o
 .debug_ranges  0x000000a0       0x20 ./system/src/newlib/_syscalls.o
 .debug_ranges  0x000000c0       0x28 ./system/src/diag/Trace.o
 .debug_ranges  0x000000e8       0x50 ./system/src/diag/trace_impl.o
 .debug_ranges  0x00000138       0x18 ./system/src/cortexm/_initialize_hardware.o
 .debug_ranges  0x00000150       0x80 ./system/src/cortexm/exception_handlers.o
 .debug_ranges  0x000001d0       0x28 ./system/src/cmsis/system_stm32f10x.o
 .debug_ranges  0x000001f8       0x10 ./system/src/cmsis/vectors_stm32f10x.o
 .debug_ranges  0x00000208       0x10 ./src/ExtiHandler.o
 .debug_ranges  0x00000218       0x10 ./src/GpioMode.o
 .debug_ranges  0x00000228       0x68 ./src/IliDisplayDriver.o
 .debug_ranges  0x00000290       0x28 ./src/IoDriver.o
 .debug_ranges  0x000002b8       0x90 ./src/LedDisplayDriver.o
 .debug_ranges  0x00000348       0x28 ./src/Logger.o
 .debug_ranges  0x00000370       0x18 ./src/Timer.o
 .debug_ranges  0x00000388      0x148 ./src/main.o

.debug_macro    0x00000000     0x54e9
 .debug_macro   0x00000000      0x1b4 ./system/src/newlib/_exit.o
 .debug_macro   0x000001b4       0x34 ./system/src/newlib/_exit.o
 .debug_macro   0x000001e8      0x10e ./system/src/newlib/_exit.o
 .debug_macro   0x000002f6       0x8d ./system/src/newlib/_exit.o
 .debug_macro   0x00000383       0x43 ./system/src/newlib/_exit.o
 .debug_macro   0x000003c6      0x330 ./system/src/newlib/_exit.o
 .debug_macro   0x000006f6       0x35 ./system/src/newlib/_exit.o
 .debug_macro   0x0000072b      0x169 ./system/src/newlib/_sbrk.o
 .debug_macro   0x00000894      0x174 ./system/src/newlib/_sbrk.o
 .debug_macro   0x00000a08       0x10 ./system/src/newlib/_sbrk.o
 .debug_macro   0x00000a18      0x23b ./system/src/newlib/_sbrk.o
 .debug_macro   0x00000c53      0x173 ./system/src/newlib/_startup.o
 .debug_macro   0x00000dc6      0x217 ./system/src/newlib/_syscalls.o
 .debug_macro   0x00000fdd       0x1c ./system/src/newlib/_syscalls.o
 .debug_macro   0x00000ff9       0x10 ./system/src/newlib/_syscalls.o
 .debug_macro   0x00001009       0x10 ./system/src/newlib/_syscalls.o
 .debug_macro   0x00001019       0x10 ./system/src/newlib/_syscalls.o
 .debug_macro   0x00001029       0x35 ./system/src/newlib/_syscalls.o
 .debug_macro   0x0000105e      0x122 ./system/src/newlib/_syscalls.o
 .debug_macro   0x00001180       0x88 ./system/src/newlib/_syscalls.o
 .debug_macro   0x00001208       0x2b ./system/src/newlib/_syscalls.o
 .debug_macro   0x00001233      0x118 ./system/src/newlib/_syscalls.o
 .debug_macro   0x0000134b      0x189 ./system/src/newlib/_syscalls.o
 .debug_macro   0x000014d4       0x16 ./system/src/newlib/_syscalls.o
 .debug_macro   0x000014ea      0x1fb ./system/src/diag/Trace.o
 .debug_macro   0x000016e5       0x16 ./system/src/diag/Trace.o
 .debug_macro   0x000016fb       0x97 ./system/src/diag/Trace.o
 .debug_macro   0x00001792       0xfd ./system/src/diag/Trace.o
 .debug_macro   0x0000188f       0x10 ./system/src/diag/Trace.o
 .debug_macro   0x0000189f       0x16 ./system/src/diag/Trace.o
 .debug_macro   0x000018b5      0x16f ./system/src/diag/Trace.o
 .debug_macro   0x00001a24       0x4c ./system/src/diag/Trace.o
 .debug_macro   0x00001a70       0x16 ./system/src/diag/Trace.o
 .debug_macro   0x00001a86      0x2da ./system/src/diag/trace_impl.o
 .debug_macro   0x00001d60       0x10 ./system/src/diag/trace_impl.o
 .debug_macro   0x00001d70       0xcf ./system/src/diag/trace_impl.o
 .debug_macro   0x00001e3f       0xbe ./system/src/diag/trace_impl.o
 .debug_macro   0x00001efd       0x22 ./system/src/diag/trace_impl.o
 .debug_macro   0x00001f1f      0x16b ./system/src/cortexm/_initialize_hardware.o
 .debug_macro   0x0000208a      0x324 ./system/src/cortexm/exception_handlers.o
 .debug_macro   0x000023ae       0x3b ./system/src/cortexm/exception_handlers.o
 .debug_macro   0x000023e9       0x10 ./system/src/cortexm/exception_handlers.o
 .debug_macro   0x000023f9      0x16e ./system/src/cmsis/system_stm32f10x.o
 .debug_macro   0x00002567       0x34 ./system/src/cmsis/vectors_stm32f10x.o
 .debug_macro   0x0000259b      0x368 ./src/ExtiHandler.o
 .debug_macro   0x00002903       0x1c ./src/ExtiHandler.o
 .debug_macro   0x0000291f       0x18 ./src/ExtiHandler.o
 .debug_macro   0x00002937       0x6e ./src/ExtiHandler.o
 .debug_macro   0x000029a5       0x28 ./src/ExtiHandler.o
 .debug_macro   0x000029cd       0x2d ./src/ExtiHandler.o
 .debug_macro   0x000029fa       0x12 ./src/ExtiHandler.o
 .debug_macro   0x00002a0c       0x2e ./src/ExtiHandler.o
 .debug_macro   0x00002a3a       0x12 ./src/ExtiHandler.o
 .debug_macro   0x00002a4c       0x76 ./src/ExtiHandler.o
 .debug_macro   0x00002ac2       0x12 ./src/ExtiHandler.o
 .debug_macro   0x00002ad4      0x17b ./src/ExtiHandler.o
 .debug_macro   0x00002c4f       0x10 ./src/ExtiHandler.o
 .debug_macro   0x00002c5f       0x17 ./src/ExtiHandler.o
 .debug_macro   0x00002c76       0x10 ./src/ExtiHandler.o
 .debug_macro   0x00002c86       0x17 ./src/ExtiHandler.o
 .debug_macro   0x00002c9d       0x25 ./src/GpioMode.o
 .debug_macro   0x00002cc2      0x3f3 ./src/IliDisplayDriver.o
 .debug_macro   0x000030b5       0xef ./src/IliDisplayDriver.o
 .debug_macro   0x000031a4       0x3a ./src/IliDisplayDriver.o
 .debug_macro   0x000031de       0x82 ./src/IliDisplayDriver.o
 .debug_macro   0x00003260      0x3e5 ./src/IliDisplayDriver.o
 .debug_macro   0x00003645      0x10b ./src/IliDisplayDriver.o
 .debug_macro   0x00003750      0x35e ./src/IoDriver.o
 .debug_macro   0x00003aae      0x565 ./src/LedDisplayDriver.o
 .debug_macro   0x00004013      0x137 ./src/LedDisplayDriver.o
 .debug_macro   0x0000414a       0x10 ./src/LedDisplayDriver.o
 .debug_macro   0x0000415a      0x1f6 ./src/Logger.o
 .debug_macro   0x00004350       0x97 ./src/Logger.o
 .debug_macro   0x000043e7      0x104 ./src/Logger.o
 .debug_macro   0x000044eb      0x17e ./src/Timer.o
 .debug_macro   0x00004669       0x10 ./src/Timer.o
 .debug_macro   0x00004679      0x74d ./src/main.o
 .debug_macro   0x00004dc6       0x22 ./src/main.o
 .debug_macro   0x00004de8       0x3c ./src/main.o
 .debug_macro   0x00004e24       0x16 ./src/main.o
 .debug_macro   0x00004e3a       0x26 ./src/main.o
 .debug_macro   0x00004e60      0x173 ./src/main.o
 .debug_macro   0x00004fd3       0x10 ./src/main.o
 .debug_macro   0x00004fe3       0x5e ./src/main.o
 .debug_macro   0x00005041       0x16 ./src/main.o
 .debug_macro   0x00005057       0x4c ./src/main.o
 .debug_macro   0x000050a3       0x5e ./src/main.o
 .debug_macro   0x00005101       0x11 ./src/main.o
 .debug_macro   0x00005112       0x2f ./src/main.o
 .debug_macro   0x00005141       0x16 ./src/main.o
 .debug_macro   0x00005157      0x123 ./src/main.o
 .debug_macro   0x0000527a      0x241 ./src/main.o
 .debug_macro   0x000054bb       0x2e ./src/main.o
