   1              		.cpu cortex-m3
   2              		.eabi_attribute 20, 1
   3              		.eabi_attribute 21, 1
   4              		.eabi_attribute 23, 3
   5              		.eabi_attribute 24, 1
   6              		.eabi_attribute 25, 1
   7              		.eabi_attribute 26, 1
   8              		.eabi_attribute 30, 1
   9              		.eabi_attribute 34, 1
  10              		.eabi_attribute 18, 4
  11              		.file	"RtosQueueStateHolder.cpp"
  12              		.text
  13              	.Ltext0:
  14              		.cfi_sections	.debug_frame
  15              	.Letext0:
DEFINED SYMBOLS
                            *ABS*:00000000 RtosQueueStateHolder.cpp
                           .group:00000000 wm4.0.894f3db1275f6b533ee1977517fbe6b1
                           .group:00000000 wm4.stddef.h.39.096871ec3ca5abfedfa76e8d05f4a8d6
                           .group:00000000 wm4.stdintgcc.h.29.6d480f4ba0f60596e88234283d42444f
                           .group:00000000 wm4.FreeRTOSConfig.h.29.e5a6716e38a8fde264a2e3f7fbe0fa99
                           .group:00000000 wm4.projdefs.h.29.3472c8470d131a5f474bc7437ea94609
                           .group:00000000 wm4.portmacro.h.50.9d99dcb4125915892598cbc0503651cf
                           .group:00000000 wm4.portable.h.64.742f2ce568820e866a7b541b4c77966f
                           .group:00000000 wm4.mpu_wrappers.h.29.f7eaef63166216b19f4b709bab152cfc
                           .group:00000000 wm4.FreeRTOS.h.66.47eeafa006bdb3100270dde69f347d0f
                           .group:00000000 wm4.list.h.61.5c5a38f6bc6687eed6d893e57dabd8e6
                           .group:00000000 wm4.task.h.50.e83dfe785230733f63a55c75ab1a6b5f
                           .group:00000000 wm4.queue.h.65.0cb3546b878cdae60c923b3f03711edd

NO UNDEFINED SYMBOLS
